// Jest Snapshot v1, https://goo.gl/fbAQLP

exports[`renders the UI as expected 1`] = `
<button
  onClick={[Function]}
>
  I have been clicked 
  0
   
  times
</button>
`;
